// Jest Snapshot v1, https://goo.gl/fbAQLP

exports[`Button.Default Render component button default 1`] = `
<View
  style={
    {
      "alignItems": "center",
      "flexDirection": "row",
      "justifyContent": "center",
    }
  }
>
  <View
    accessibilityState={
      {
        "busy": undefined,
        "checked": undefined,
        "disabled": undefined,
        "expanded": undefined,
        "selected": undefined,
      }
    }
    accessibilityValue={
      {
        "max": undefined,
        "min": undefined,
        "now": undefined,
        "text": undefined,
      }
    }
    accessible={true}
    collapsable={false}
    focusable={true}
    onClick={[Function]}
    onResponderGrant={[Function]}
    onResponderMove={[Function]}
    onResponderRelease={[Function]}
    onResponderTerminate={[Function]}
    onResponderTerminationRequest={[Function]}
    onStartShouldSetResponder={[Function]}
    style={
      {
        "backgroundColor": "#ffffff",
        "borderBottomLeftRadius": 24,
        "borderBottomRightRadius": 24,
        "borderTopLeftRadius": 24,
        "borderTopRightRadius": 24,
        "color": ""#fff"",
        "opacity": 1,
        "paddingBottom": 10,
        "paddingLeft": 20,
        "paddingRight": 20,
        "paddingTop": 10,
      }
    }
  >
    <Text
      secundary={true}
      style={
        {
          "color": "#FF6680",
          "fontSize": 16,
        }
      }
    >
      Teste
    </Text>
  </View>
</View>
`;
